
jacob@DESKTOP-EEEEG3I MINGW64 ~/0SB (master)
$ mk dir learn_git_again
bash: mk: command not found

jacob@DESKTOP-EEEEG3I MINGW64 ~/0SB (master)
$ mkdir learn_git_again

jacob@DESKTOP-EEEEG3I MINGW64 ~/0SB (master)
$ ls
 Apps/         'DOM Manipulation'/        'Web Fundamentals'/   learn_git_again/
 Assessment1/  'Developer Fundamentals'/   index.html

jacob@DESKTOP-EEEEG3I MINGW64 ~/0SB (master)
$ cd learn_git_again

jacob@DESKTOP-EEEEG3I MINGW64 ~/0SB/learn_git_again (master)
$ touch third.txt

jacob@DESKTOP-EEEEG3I MINGW64 ~/0SB/learn_git_again (master)
$ git init
Initialized empty Git repository in C:/Users/jacob/0SB/learn_git_again/.git/

jacob@DESKTOP-EEEEG3I MINGW64 ~/0SB/learn_git_again (master)
$ git add third.txt

jacob@DESKTOP-EEEEG3I MINGW64 ~/0SB/learn_git_again (master)
$ git log
fatal: your current branch 'master' does not have any commits yet

jacob@DESKTOP-EEEEG3I MINGW64 ~/0SB/learn_git_again (master)
$ git commit -m "adding third.txt"
[master (root-commit) 9b1370c] adding third.txt
 1 file changed, 0 insertions(+), 0 deletions(-)
 create mode 100644 third.txt

jacob@DESKTOP-EEEEG3I MINGW64 ~/0SB/learn_git_again (master)
$ git log
commit 9b1370ce2370093afdeb45685c901c8477cb16f0 (HEAD -> master)
Author: = <jacoblarsendk@gmail.com>
Date:   Tue Feb 2 15:39:03 2021 -0600

    adding third.txt

jacob@DESKTOP-EEEEG3I MINGW64 ~/0SB/learn_git_again (master)
$ touch fourth.txt

jacob@DESKTOP-EEEEG3I MINGW64 ~/0SB/learn_git_again (master)
$ git add fourth.txt

jacob@DESKTOP-EEEEG3I MINGW64 ~/0SB/learn_git_again (master)
$ git commit -m "adding fourth.txt"
[master 5a7f09e] adding fourth.txt
 1 file changed, 0 insertions(+), 0 deletions(-)
 create mode 100644 fourth.txt

jacob@DESKTOP-EEEEG3I MINGW64 ~/0SB/learn_git_again (master)
$ git log
commit 5a7f09ecf24820d42df850ef44b78b9e2172538c (HEAD -> master)
Author: = <jacoblarsendk@gmail.com>
Date:   Tue Feb 2 15:39:30 2021 -0600

    adding fourth.txt

commit 9b1370ce2370093afdeb45685c901c8477cb16f0
Author: = <jacoblarsendk@gmail.com>
Date:   Tue Feb 2 15:39:03 2021 -0600

    adding third.txt

jacob@DESKTOP-EEEEG3I MINGW64 ~/0SB/learn_git_again (master)
$ rm -rf third.txt

jacob@DESKTOP-EEEEG3I MINGW64 ~/0SB/learn_git_again (master)
$ ls
fourth.txt

jacob@DESKTOP-EEEEG3I MINGW64 ~/0SB/learn_git_again (master)
$ git add third.txt

jacob@DESKTOP-EEEEG3I MINGW64 ~/0SB/learn_git_again (master)
$ git status
On branch master
Changes to be committed:
  (use "git restore --staged <file>..." to unstage)
        deleted:    third.txt


jacob@DESKTOP-EEEEG3I MINGW64 ~/0SB/learn_git_again (master)
$ git commit -m "removing third.txt"
[master b8a2024] removing third.txt
 1 file changed, 0 insertions(+), 0 deletions(-)
 delete mode 100644 third.txt

jacob@DESKTOP-EEEEG3I MINGW64 ~/0SB/learn_git_again (master)
$ git log
commit b8a20243c06ea4c5f1c6a8d74ecd553ab18a41ea (HEAD -> master)
Author: = <jacoblarsendk@gmail.com>
Date:   Tue Feb 2 15:40:31 2021 -0600

    removing third.txt

commit 5a7f09ecf24820d42df850ef44b78b9e2172538c
Author: = <jacoblarsendk@gmail.com>
Date:   Tue Feb 2 15:39:30 2021 -0600

    adding fourth.txt

commit 9b1370ce2370093afdeb45685c901c8477cb16f0
Author: = <jacoblarsendk@gmail.com>
Date:   Tue Feb 2 15:39:03 2021 -0600

    adding third.txt

jacob@DESKTOP-EEEEG3I MINGW64 ~/0SB/learn_git_again (master)
$ git -config
unknown option: -config
usage: git [--version] [--help] [-C <path>] [-c <name>=<value>]
           [--exec-path[=<path>]] [--html-path] [--man-path] [--info-path]
           [-p | --paginate | -P | --no-pager] [--no-replace-objects] [--bare]
           [--git-dir=<path>] [--work-tree=<path>] [--namespace=<name>]
           <command> [<args>]

jacob@DESKTOP-EEEEG3I MINGW64 ~/0SB/learn_git_again (master)
$ git config --global core.pager=cat
error: invalid key: core.pager=cat

jacob@DESKTOP-EEEEG3I MINGW64 ~/0SB/learn_git_again (master)
$ git config --global core.pager cat

jacob@DESKTOP-EEEEG3I MINGW64 ~/0SB/learn_git_again (master)
$ git config --global
usage: git config [<options>]

Config file location
    --global              use global config file
    --system              use system config file
    --local               use repository config file
    --worktree            use per-worktree config file
    -f, --file <file>     use given config file
    --blob <blob-id>      read config from given blob object

Action
    --get                 get value: name [value-pattern]
    --get-all             get all values: key [value-pattern]
    --get-regexp          get values for regexp: name-regex [value-pattern]
    --get-urlmatch        get value specific for the URL: section[.var] URL
    --replace-all         replace all matching variables: name value [value-pattern]
    --add                 add a new variable: name value
    --unset               remove a variable: name [value-pattern]
    --unset-all           remove all matches: name [value-pattern]
    --rename-section      rename section: old-name new-name
    --remove-section      remove a section: name
    -l, --list            list all
    --fixed-value         use string equality when comparing values to 'value-pattern'
    -e, --edit            open an editor
    --get-color           find the color configured: slot [default]
    --get-colorbool       find the color setting: slot [stdout-is-tty]

Type
    -t, --type <>         value is given this type
    --bool                value is "true" or "false"
    --int                 value is decimal number
    --bool-or-int         value is --bool or --int
    --bool-or-str         value is --bool or string
    --path                value is a path (file or directory name)
    --expiry-date         value is an expiry date

Other
    -z, --null            terminate values with NUL byte
    --name-only           show variable names only
    --includes            respect include directives on lookup
    --show-origin         show origin of config (file, standard input, blob, command line)
    --show-scope          show scope of config (worktree, local, global, system, command)
    --default <value>     with --get, use default value when missing entry


jacob@DESKTOP-EEEEG3I MINGW64 ~/0SB/learn_git_again (master)
$ global config --global --list
bash: global: command not found

jacob@DESKTOP-EEEEG3I MINGW64 ~/0SB/learn_git_again (master)
$ git config --global --list
user.email=jacoblarsendk@gmail.com
user.name==
core.pager=cat

jacob@DESKTOP-EEEEG3I MINGW64 ~/0SB/learn_git_again (master)
$
